GNU gdb (Ubuntu 8.1.1-0ubuntu1) 8.1.1
Copyright (C) 2018 Free Software Foundation, Inc.
License GPLv3+: GNU GPL version 3 or later <http://gnu.org/licenses/gpl.html>
This is free software: you are free to change and redistribute it.
There is NO WARRANTY, to the extent permitted by law.  Type "show copying"
and "show warranty" for details.
This GDB was configured as "x86_64-linux-gnu".
Type "show configuration" for configuration details.
For bug reporting instructions, please see:
<http://www.gnu.org/software/gdb/bugs/>.
Find the GDB manual and other documentation resources online at:
<http://www.gnu.org/software/gdb/documentation/>.
For help, type "help".
Type "apropos word" to search for commands related to "word"...
Reading symbols from a.out...done.
(gdb) b main
Breakpoint 1 at 0x92c: file p1final.c, line 37.
(gdb) r
Starting program: /home/runner/IA2Test4/a.out 
warning: Error disabling address space randomization: Operation not permitted

Breakpoint 1, main () at p1final.c:37
warning: Source file is more recent than executable.
37    radius=input_radius();
(gdb) n
Enter the radius of the camel:3
38    height=input_height();
(gdb) n

Enter the height of the camel:6
39    length=input_length();
(gdb) n

Enter the length of the camel:7
40    weight=find_weight(radius,height,length);
(gdb) n
41    output(weight);
(gdb) n

549.437195 is the weight of the camel
42    return 0;
(gdb) n
43  }(gdb)
