GNU gdb (Ubuntu 8.1.1-0ubuntu1) 8.1.1
Copyright (C) 2018 Free Software Foundation, Inc.
License GPLv3+: GNU GPL version 3 or later <http://gnu.org/licenses/gpl.html>
This is free software: you are free to change and redistribute it.
There is NO WARRANTY, to the extent permitted by law.  Type "show copying"
and "show warranty" for details.
This GDB was configured as "x86_64-linux-gnu".
Type "show configuration" for configuration details.
For bug reporting instructions, please see:
unable to run, main file "main.sh" not found
îº§ gdb a.out
GNU gdb (Ubuntu 8.1.1-0ubuntu1) 8.1.1
Copyright (C) 2018 Free Software Foundation, Inc.
License GPLv3+: GNU GPL version 3 or later <http://gnu.org/licenses/gpl.html>
This is free software: you are free to change and redistribute it.
There is NO WARRANTY, to the extent permitted by law.  Type "show copying"
and "show warranty" for details.
This GDB was configured as "x86_64-linux-gnu".
Type "show configuration" for configuration details.
For bug reporting instructions, please see:
<http://www.gnu.org/software/gdb/bugs/>.
Find the GDB manual and other documentation resources online at:
<http://www.gnu.org/software/gdb/documentation/>.
For help, type "help".
Type "apropos word" to search for commands related to "word"...
Reading symbols from a.out...done.
(gdb) b main
Breakpoint 1 at 0x994: file p6final.c, line 57.
(gdb) r
Starting program: /home/runner/IA2Test4/a.out 
warning: Error disabling address space randomization: Operation not permitted

Breakpoint 1, main () at p6final.c:57
57  {
(gdb) n
59    n=input_n();
(gdb) s
input_n () at p6final.c:3
3   {
(gdb) n
5     printf("Enter the value of n:");
(gdb) n
6     scanf("%d",&n);
(gdb) n
Enter the value of n:3
7     return n;
(gdb) n
8   }
(gdb) n
main () at p6final.c:60
60    input_array(n,a);
(gdb) n

Enter the numbers in array:2 34

Enter the numbers in array:
Enter the numbers in array:4
61    sort(n,a);
(gdb) 
62    key=input_key();
(gdb) n
Enter the key element you want to serch:4
63    position=bin_search(n,a,key);
(gdb) n
64    print_position(key,position);
(gdb) n
65    return 0;
(gdb) n
66  }(gdb)